<html>
<body>
<pre>
<h1>µVision Build Log</h1>
<h2>Project:</h2>
Z:\home\chinmay\Desktop\Project\CCE A-1\Working Dir\pr.uvproj
Project File Date:  04/22/2016

<h2>Output:</h2>
Build target 'Target 1'
compiling new.c...
linking...
Program Size: Code=2192 RO-data=236 RW-data=188 ZI-data=628  
".\pr.axf" - 0 Error(s), 0 Warning(s).
</pre>
</body>
</html>

".\pr.axf" - 1 Error(s), 0 Warning(s).
Target not created
         LPC_GPIO0->FIOCLRH=;0xFFFF;
new.c: 1 warning, 1 error
".\pr.axf" - 1 Error(s), 1 Warning(s).
Target not created
